// Jest Snapshot v1, https://goo.gl/fbAQLP

exports[`<TopicList/> with a topic undiscussed 1`] = `
<section
  class="next-topic"
>
  <header>
    <h4
      data-testid="topic-list-title"
    />
  </header>
  <section
    class="next-topic-container"
  >
    <article>
      <button
        class="archive"
        data-testid="archive-button"
      >
        <svg
          class="w-6 h-6"
          fill="none"
          stroke="currentColor"
          viewBox="0 0 24 24"
          xmlns="http://www.w3.org/2000/svg"
        >
          <path
            d="M19 7l-.867 12.142A2 2 0 0116.138 21H7.862a2 2 0 01-1.995-1.858L5 7m5 4v6m4-6v6m1-10V4a1 1 0 00-1-1h-4a1 1 0 00-1 1v3M4 7h16"
            stroke-linecap="round"
            stroke-linejoin="round"
            stroke-width="2"
          />
        </svg>
      </button>
      <h5
        class="topic-text"
      >
        Some studies have shown that purpose is #1 for job satisfaction. What do you think?
      </h5>
      <div
        class="votes"
      >
        <button
          class="upvote"
          data-testid="upvote-button"
        >
          <svg
            class="w-6 h-6"
            fill="none"
            stroke="currentColor"
            viewBox="0 0 24 24"
            xmlns="http://www.w3.org/2000/svg"
          >
            <path
              d="M14 10h4.764a2 2 0 011.789 2.894l-3.5 7A2 2 0 0115.263 21h-4.017c-.163 0-.326-.02-.485-.06L7 20m7-10V5a2 2 0 00-2-2h-.095c-.5 0-.905.405-.905.905 0 .714-.211 1.412-.608 2.006L7 11v9m7-10h-2M7 20H5a2 2 0 01-2-2v-6a2 2 0 012-2h2.5"
              stroke-linecap="round"
              stroke-linejoin="round"
              stroke-width="2"
            />
          </svg>
        </button>
        <span
          class="upvote-number"
          data-testid="upvotes-count"
        >
          3
        </span>
        <button
          class="downvote"
          data-testid="downvote-button"
        >
          <svg
            class="w-6 h-6"
            fill="none"
            stroke="currentColor"
            viewBox="0 0 24 24"
            xmlns="http://www.w3.org/2000/svg"
          >
            <path
              d="M10 14H5.236a2 2 0 01-1.789-2.894l3.5-7A2 2 0 018.736 3h4.018a2 2 0 01.485.06l3.76.94m-7 10v5a2 2 0 002 2h.096c.5 0 .905-.405.905-.904 0-.715.211-1.413.608-2.008L17 13V4m-7 10h2m5-10h2a2 2 0 012 2v6a2 2 0 01-2 2h-2.5"
              stroke-linecap="round"
              stroke-linejoin="round"
              stroke-width="2"
            />
          </svg>
        </button>
        <span
          class="downvote-number"
          data-testid="downvotes-count"
        >
          25
        </span>
      </div>
    </article>
  </section>
</section>
`;
